// Jest Snapshot v1, https://goo.gl/fbAQLP

exports[`Footer renders without failing 1`] = `<bound Template />`;
