// Jest Snapshot v1, https://goo.gl/fbAQLP

exports[`Header renders without failing 1`] = `<bound Template />`;
