// Jest Snapshot v1, https://goo.gl/fbAQLP

exports[`Status renders without failing 1`] = `
<bound Template
  status="normal"
/>
`;
